<?xml version="1.0" encoding="UTF-8"?>
<results xmlns:xsi="http://www.w3.org/2001/XMLSchema-instance" xsi:noNamespaceSchemaLocation="lessons/src/main/resources/students/results.xsd">
    <students>
        <student id="1">
            <login firstname="ivan" lastname="ivanov">cool</login>
            <group>gr1</group>
            <firstname>ivanov</firstname>
            <lastname>ivan</lastname>
            <tests>
                <test name="oop" date="2013-03-20" mark="8.5"/>
                <test name="xml" date="2013-03-23" mark="7.3"/>
                <test name="oop" date="2013-03-27" mark="9.4"/>
                <test name="jdbc" date="2013-03-27" mark="6.2"/>
                <test name="xml" date="2013-03-29" mark="7.9"/>
            </tests>
        </student>
        <student id="2">
            <login firstname="petr" lastname="petrov">clever</login>
            <group>gr2</group>
            <firstname>petr</firstname>
            <lastname>petrov</lastname>
            <tests>
                <test name="oop" date="2013-03-27" mark="7.0"/>
                <test name="collections" date="2013-03-28" mark="6.4"/>
            </tests>
        </student>
    </students>
</results>
